<!DOCTYPE html>
<html lang="en" class="min-h-screen">
<head>
    <meta charset="utf-8">
    <meta name="viewport" content="width=device-width, initial-scale=1">

    <title>Jamie Peters - Laravel/PHP Developer - Jamie Peters - Laravel/PHP Developer</title>

<meta name="description" content="">
<meta name="keywords" content="">

<link rel="canonical" href="http://jamie-peters.test">



    <link rel="stylesheet" href="/assets/css/app.css?id=4958844cef1097a3346c">
    <link rel="stylesheet" href="https://cdnjs.cloudflare.com/ajax/libs/highlight.js/9.12.0/styles/atelier-heath-dark.min.css">

    <link rel="icon" href="http://jamie-peters.test/assets/favicon.ico" type="image/x-icon">

    <script src="/assets/js/manifest.js?id=7fc7283078029a2e8be6"></script>
    <script src="/assets/js/vendor.js?id=364af69c43881e5177be"></script>
    <script src="/assets/js/app.js?id=7294624c6cb972447a57"></script>
</head>
<body class="bg-gray-300 min-h-screen">

<div id="app" class="flex flex-col min-h-screen">
     <header class="w-full bg-blue-900 text-white shadow-lg sticky top-0 p-2 flex flex-col sm:px-4">
    <div class="main-wrapper">
        <div class="flex flex-col sm:flex-row">
            <div class="text-center sm:text-left sm:flex-1">
                <h1 class="font-serif text-2xl text-shadow-md tracking-wider mb-1 sm:pl-2px lg:text-3xl">Jamie Peters</h1>
                <h2 class="text-sm text-black font-semibold lg:text-base">Laravel / PHP / JavaScript Developer</h2>
            </div>
             <div class="flex justify-center text-xl leading-none sm:height-0">
    <a href="mailto:jamie@jamie-peters.co.uk" class="p-2">
        <font-awesome-icon :icon="['fas', 'envelope']" v-tooltip="'Contact Me'"></font-awesome-icon>
    </a>
    <a href="https://www.twitter.com/jpeters8889" target="_blank" class="p-2">
        <font-awesome-icon :icon="['fab', 'twitter']" v-tooltip="'Twitter'"></font-awesome-icon>
    </a>
    <a href="https://www.linkedin.com/in/jamie-peters-269233bb" target="_blank" class="p-2">
        <font-awesome-icon :icon="['fab', 'linkedin-in']" v-tooltip="'Linked In'"></font-awesome-icon>
    </a>
    <a href="https://www.reddit.com/user/jpeters8889" target="_blank" class="p-2">
        <font-awesome-icon :icon="['fab', 'reddit-alien']" v-tooltip="'Reddit'"></font-awesome-icon>
    </a>
    <a href="https://github.com/jpeters8889" target="_blank" class="p-2">
        <font-awesome-icon :icon="['fab', 'github']" v-tooltip="'GitHub'"></font-awesome-icon>
    </a>
</div>
 
        </div>

         <nav>
    <ul class="flex justify-center text-sm mt-2 font-semibold sm:justify-end lg:text-base">
        <li>
            <a class="p-2 bg-white-gradient transition-bg rounded-t-lg" href="/">Home</a>
        </li>
        <li>
            <a class="p-2 bg-white-gradient transition-bg rounded-t-lg" href="/about">About Me</a>
        </li>
        <li>
            <a class="p-2 bg-white-gradient transition-bg rounded-t-lg" href="/projects">Personal Projects</a>
        </li>
    </ul>
</nav>
 
    </div>
</header>
 

    <div class="main-wrapper flex-1">
             <div class="content-section">
    <h1 class="text-center sm:text-left">Welcome</h1>

    <p>
                Thank you for taking the time to visit my personal website and only portfolio, I am a passionate, committed
                and enthusiastic web developer with 17 years experience in web design and development, I am an enthusiast of
                the <a href="https://www.laravel.com" target="_blank">Laravel PHP Framework</a>, along with
                <a href="https://tailwindcss.com/" target="_blank">Tailwind CSS</a> and
                <a href="https://vuejs.org/" target="_blank">Vue</a>.
            </p>
</div>
 

     <div class="content-section">
    <h1 class="text-center sm:text-left">My Key Skills</h1>

    <p>
                I have extensive knowledge of the Laravel framework and I have been developing regularly in PHP for almost
                15 years and have an understanding or traditional procedural code and more modern OOP practices and MVC
                conventions.
            </p>
            <p>
                Along with PHP I also have extensive knowledge in GIT, MySQL, HTML, SCSS/CSS, Tailwind CSS, JavaScript, and
                Vue.
            </p>
            <p>
                I also have experience in Docker, HTML5 App Development, Adobe Suite (Including Photoshop, InDesign,
                Illustrator, Lightroom), writing and consuming JSON APIs, and Amazon S3 file storage.
            </p>
            <p>
                My preferred tech stack is Laravel with Tailwind CSS and Vue, and my IDE of choice is PhpStorm.
            </p>
            <p>
                I am always interested in learning more, and I plan to learn more about AWS and using Laravel Vapor, and I
                am also planning on looking into Laravel Livewire, and hopefully to start contributing to open source
                software more.
            </p>
            <p>
                I have a Laracasts subscription and regulaly use the website and watch all new videos.
            </p>
</div>
 
    </div>

     <footer class="w-full bg-blue-900 text-white shadow-lg p-2 flex flex-col mt-2 sm:px-4">
    <div class="main-wrapper text-xs text-white-60 text-center">
        <p>
            Created using <a href="https://www.laravel.com/" target="_blank">Laravel</a>, styled with <a href="https://tailwindcss.com/" target="_blank">Tailwind CSS</a> and enhanced with <a href="https://vuejs.org/" target="_blank">Vue</a>.
        </p>
        <p>
            Hosted on Digital Ocean using <a href="https://forge.laravel.com//" target="_blank">Laravel Forge</a>.
        </p>
    </div>
</footer>
 

    <portal-target name="modal"></portal-target>
</div>

<script>
    app().build();
</script>

</body>
</html>
